
Memory Configuration

Name             Origin             Length             Attributes
FLASH            0x08000000         0x00020000         xr
SRAM             0x02000000         0x00007400         xrw
*default*        0x00000000         0xffffffff

Linker script and memory map


.text           0x08000000      0x118
 *(.vectors*)
 .vectors       0x08000000       0x64 startup.o
 *(.text*)
 .text          0x08000064       0xa8 main.o
                0x08000064                main
 .text          0x0800010c        0x8 startup.o
 *(.rodata)
 .rodata        0x08000114        0x4 main.o
                0x08000114                c_variables

.glue_7         0x08000118        0x0
 .glue_7        0x00000000        0x0 linker stubs

.glue_7t        0x08000118        0x0
 .glue_7t       0x00000000        0x0 linker stubs

.vfp11_veneer   0x08000118        0x0
 .vfp11_veneer  0x00000000        0x0 linker stubs

.v4_bx          0x08000118        0x0
 .v4_bx         0x00000000        0x0 linker stubs

.iplt           0x08000118        0x0
 .iplt          0x00000000        0x0 main.o

.rel.dyn        0x08000118        0x0
 .rel.iplt      0x00000000        0x0 main.o

.data           0x08000118        0x8
 *(.data*)
 .data          0x08000118        0x8 main.o
                0x08000118                R_ODR
                0x0800011c                g_variables
 .data          0x08000120        0x0 startup.o

.igot.plt       0x08000120        0x0
 .igot.plt      0x00000000        0x0 main.o

.bss            0x02000000        0x0
 *(.bss*)
 .bss           0x02000000        0x0 main.o
 .bss           0x02000000        0x0 startup.o
LOAD main.o
LOAD startup.o
OUTPUT(Learn-In-Depth_Cortex-M3.elf elf32-littlearm)

.debug_info     0x00000000      0x1d4
 .debug_info    0x00000000      0x17d main.o
 .debug_info    0x0000017d       0x57 startup.o

.debug_abbrev   0x00000000      0x11a
 .debug_abbrev  0x00000000      0x106 main.o
 .debug_abbrev  0x00000106       0x14 startup.o

.debug_loc      0x00000000       0x38
 .debug_loc     0x00000000       0x38 main.o

.debug_aranges  0x00000000       0x40
 .debug_aranges
                0x00000000       0x20 main.o
 .debug_aranges
                0x00000020       0x20 startup.o

.debug_line     0x00000000       0xd8
 .debug_line    0x00000000       0x9b main.o
 .debug_line    0x0000009b       0x3d startup.o

.debug_str      0x00000000       0xd5
 .debug_str     0x00000000       0xd5 main.o
                                0x109 (size before relaxing)

.comment        0x00000000       0x11
 .comment       0x00000000       0x11 main.o
                                 0x12 (size before relaxing)

.ARM.attributes
                0x00000000       0x31
 .ARM.attributes
                0x00000000       0x33 main.o
 .ARM.attributes
                0x00000033       0x21 startup.o

.debug_frame    0x00000000       0x2c
 .debug_frame   0x00000000       0x2c main.o
